// Jest Snapshot v1, https://goo.gl/fbAQLP

exports[`Should render component 1`] = `
ShallowWrapper {
  "complexSelector": ComplexSelector {
    "buildPredicate": [Function],
    "childrenOfNode": [Function],
    "findWhereUnwrapped": [Function],
  },
  "length": 1,
  "node": <div
    style={
        Object {
            "textAlign": "center",
          }
    }
>
    <h2>
         Table 1 
    </h2>
    <DataTable
        data={
            Array [
                Object {
                  "a": 1,
                  "b": 2,
                  "c": 3,
                },
                Object {
                  "a": 4,
                  "b": 5,
                  "c": 6,
                },
              ]
        }
    />
    <h2>
         Table 2 
    </h2>
    <DataTable
        data={
            Array [
                Object {
                  "code": "PO 0015:2015",
                  "distribuition": "Eletronic",
                  "owner": "Jonas",
                  "publishDate": "2015-12-12",
                  "status": "Published",
                },
                Object {
                  "code": "PD 0001:2017",
                  "distribuition": "Physical",
                  "owner": "Jonas",
                  "publishDate": "",
                  "status": "Elaboration",
                },
                Object {
                  "code": "PO 0189:2014",
                  "distribuition": "Eletronic",
                  "owner": "Angela",
                  "publishDate": "2014-12-12",
                  "status": "Published",
                },
                Object {
                  "code": "REG 0001:2016",
                  "distribuition": "Eletronic",
                  "owner": "Remy",
                  "publishDate": "2016-01-12",
                  "status": "Published",
                },
              ]
        }
    />
</div>,
  "nodes": Array [
    <div
      style={
            Object {
                  "textAlign": "center",
                }
      }
>
      <h2>
             Table 1 
      </h2>
      <DataTable
            data={
                  Array [
                        Object {
                          "a": 1,
                          "b": 2,
                          "c": 3,
                        },
                        Object {
                          "a": 4,
                          "b": 5,
                          "c": 6,
                        },
                      ]
            }
      />
      <h2>
             Table 2 
      </h2>
      <DataTable
            data={
                  Array [
                        Object {
                          "code": "PO 0015:2015",
                          "distribuition": "Eletronic",
                          "owner": "Jonas",
                          "publishDate": "2015-12-12",
                          "status": "Published",
                        },
                        Object {
                          "code": "PD 0001:2017",
                          "distribuition": "Physical",
                          "owner": "Jonas",
                          "publishDate": "",
                          "status": "Elaboration",
                        },
                        Object {
                          "code": "PO 0189:2014",
                          "distribuition": "Eletronic",
                          "owner": "Angela",
                          "publishDate": "2014-12-12",
                          "status": "Published",
                        },
                        Object {
                          "code": "REG 0001:2016",
                          "distribuition": "Eletronic",
                          "owner": "Remy",
                          "publishDate": "2016-01-12",
                          "status": "Published",
                        },
                      ]
            }
      />
</div>,
  ],
  "options": Object {},
  "renderer": ReactShallowRenderer {
    "_context": Object {},
    "_element": <App />,
    "_instance": App {
      "context": Object {},
      "props": Object {},
      "refs": Object {},
      "state": Object {},
      "updater": Updater {
        "_renderer": [Circular],
      },
    },
    "_newState": null,
    "_rendered": <div
      style={
            Object {
                  "textAlign": "center",
                }
      }
>
      <h2>
             Table 1 
      </h2>
      <DataTable
            data={
                  Array [
                        Object {
                          "a": 1,
                          "b": 2,
                          "c": 3,
                        },
                        Object {
                          "a": 4,
                          "b": 5,
                          "c": 6,
                        },
                      ]
            }
      />
      <h2>
             Table 2 
      </h2>
      <DataTable
            data={
                  Array [
                        Object {
                          "code": "PO 0015:2015",
                          "distribuition": "Eletronic",
                          "owner": "Jonas",
                          "publishDate": "2015-12-12",
                          "status": "Published",
                        },
                        Object {
                          "code": "PD 0001:2017",
                          "distribuition": "Physical",
                          "owner": "Jonas",
                          "publishDate": "",
                          "status": "Elaboration",
                        },
                        Object {
                          "code": "PO 0189:2014",
                          "distribuition": "Eletronic",
                          "owner": "Angela",
                          "publishDate": "2014-12-12",
                          "status": "Published",
                        },
                        Object {
                          "code": "REG 0001:2016",
                          "distribuition": "Eletronic",
                          "owner": "Remy",
                          "publishDate": "2016-01-12",
                          "status": "Published",
                        },
                      ]
            }
      />
</div>,
    "_rendering": false,
    "_updater": Updater {
      "_renderer": [Circular],
    },
    "getRenderOutput": [Function],
    "render": [Function],
  },
  "root": [Circular],
  "unrendered": <App />,
}
`;
